Archive member included because of file (symbol)

c:/program files (x86)/atmel/atmel toolchain/avr8 gcc/native/3.4.1061/avr8-gnu-toolchain/bin/../lib/gcc/avr/4.8.1/avr51\libgcc.a(_exit.o)
                              c:/program files (x86)/atmel/atmel toolchain/avr8 gcc/native/3.4.1061/avr8-gnu-toolchain/bin/../lib/gcc/avr/4.8.1/../../../../avr/lib/avr51/crtm1284p.o (exit)

Discarded input sections

 .data          0x00000000        0x0 c:/program files (x86)/atmel/atmel toolchain/avr8 gcc/native/3.4.1061/avr8-gnu-toolchain/bin/../lib/gcc/avr/4.8.1/../../../../avr/lib/avr51/crtm1284p.o
 .bss           0x00000000        0x0 c:/program files (x86)/atmel/atmel toolchain/avr8 gcc/native/3.4.1061/avr8-gnu-toolchain/bin/../lib/gcc/avr/4.8.1/../../../../avr/lib/avr51/crtm1284p.o
 .group         0x00000000        0x8 src/ASF/common/services/clock/mega/sysclk.o
 .group         0x00000000        0x8 src/ASF/common/services/clock/mega/sysclk.o
 .group         0x00000000        0x8 src/ASF/common/services/clock/mega/sysclk.o
 .group         0x00000000        0x8 src/ASF/common/services/clock/mega/sysclk.o
 .group         0x00000000        0x8 src/ASF/common/services/clock/mega/sysclk.o
 .group         0x00000000        0x8 src/ASF/common/services/clock/mega/sysclk.o
 .group         0x00000000        0x8 src/ASF/common/services/clock/mega/sysclk.o
 .group         0x00000000        0x8 src/ASF/common/services/clock/mega/sysclk.o
 .group         0x00000000        0x8 src/ASF/common/services/clock/mega/sysclk.o
 .group         0x00000000        0x8 src/ASF/common/services/clock/mega/sysclk.o
 .group         0x00000000        0x8 src/ASF/common/services/clock/mega/sysclk.o
 .group         0x00000000        0x8 src/ASF/common/services/clock/mega/sysclk.o
 .group         0x00000000        0x8 src/ASF/common/services/clock/mega/sysclk.o
 .group         0x00000000        0x8 src/ASF/common/services/clock/mega/sysclk.o
 .group         0x00000000        0x8 src/ASF/common/services/clock/mega/sysclk.o
 .group         0x00000000        0x8 src/ASF/common/services/clock/mega/sysclk.o
 .group         0x00000000        0x8 src/ASF/common/services/clock/mega/sysclk.o
 .group         0x00000000        0x8 src/ASF/common/services/clock/mega/sysclk.o
 .group         0x00000000        0x8 src/ASF/common/services/clock/mega/sysclk.o
 .group         0x00000000        0x8 src/ASF/common/services/clock/mega/sysclk.o
 .group         0x00000000        0x8 src/ASF/common/services/clock/mega/sysclk.o
 .group         0x00000000        0x8 src/ASF/common/services/clock/mega/sysclk.o
 .group         0x00000000        0x8 src/ASF/common/services/clock/mega/sysclk.o
 .group         0x00000000        0x8 src/ASF/common/services/clock/mega/sysclk.o
 .group         0x00000000        0x8 src/ASF/common/services/clock/mega/sysclk.o
 .group         0x00000000        0x8 src/ASF/common/services/clock/mega/sysclk.o
 .group         0x00000000        0x8 src/ASF/common/services/clock/mega/sysclk.o
 .text          0x00000000        0x0 src/ASF/common/services/clock/mega/sysclk.o
 .data          0x00000000        0x0 src/ASF/common/services/clock/mega/sysclk.o
 .bss           0x00000000        0x0 src/ASF/common/services/clock/mega/sysclk.o
 .text.sysclk_enable_module
                0x00000000       0x1c src/ASF/common/services/clock/mega/sysclk.o
 .text.sysclk_disable_module
                0x00000000       0x1a src/ASF/common/services/clock/mega/sysclk.o
 .group         0x00000000        0x8 src/ASF/mega/boards/mega_1284p_xplained/init.o
 .group         0x00000000        0x8 src/ASF/mega/boards/mega_1284p_xplained/init.o
 .group         0x00000000        0x8 src/ASF/mega/boards/mega_1284p_xplained/init.o
 .group         0x00000000        0x8 src/ASF/mega/boards/mega_1284p_xplained/init.o
 .group         0x00000000        0x8 src/ASF/mega/boards/mega_1284p_xplained/init.o
 .group         0x00000000        0x8 src/ASF/mega/boards/mega_1284p_xplained/init.o
 .group         0x00000000        0x8 src/ASF/mega/boards/mega_1284p_xplained/init.o
 .group         0x00000000        0x8 src/ASF/mega/boards/mega_1284p_xplained/init.o
 .group         0x00000000        0x8 src/ASF/mega/boards/mega_1284p_xplained/init.o
 .group         0x00000000        0x8 src/ASF/mega/boards/mega_1284p_xplained/init.o
 .group         0x00000000        0x8 src/ASF/mega/boards/mega_1284p_xplained/init.o
 .group         0x00000000        0x8 src/ASF/mega/boards/mega_1284p_xplained/init.o
 .group         0x00000000        0x8 src/ASF/mega/boards/mega_1284p_xplained/init.o
 .group         0x00000000        0x8 src/ASF/mega/boards/mega_1284p_xplained/init.o
 .group         0x00000000        0x8 src/ASF/mega/boards/mega_1284p_xplained/init.o
 .group         0x00000000        0x8 src/ASF/mega/boards/mega_1284p_xplained/init.o
 .group         0x00000000        0x8 src/ASF/mega/boards/mega_1284p_xplained/init.o
 .group         0x00000000        0x8 src/ASF/mega/boards/mega_1284p_xplained/init.o
 .group         0x00000000        0x8 src/ASF/mega/boards/mega_1284p_xplained/init.o
 .group         0x00000000        0x8 src/ASF/mega/boards/mega_1284p_xplained/init.o
 .group         0x00000000        0x8 src/ASF/mega/boards/mega_1284p_xplained/init.o
 .group         0x00000000        0x8 src/ASF/mega/boards/mega_1284p_xplained/init.o
 .group         0x00000000        0x8 src/ASF/mega/boards/mega_1284p_xplained/init.o
 .group         0x00000000        0x8 src/ASF/mega/boards/mega_1284p_xplained/init.o
 .group         0x00000000        0x8 src/ASF/mega/boards/mega_1284p_xplained/init.o
 .text          0x00000000        0x0 src/ASF/mega/boards/mega_1284p_xplained/init.o
 .data          0x00000000        0x0 src/ASF/mega/boards/mega_1284p_xplained/init.o
 .bss           0x00000000        0x0 src/ASF/mega/boards/mega_1284p_xplained/init.o
 .debug_macro   0x00000000      0xa48 src/ASF/mega/boards/mega_1284p_xplained/init.o
 .debug_macro   0x00000000       0x10 src/ASF/mega/boards/mega_1284p_xplained/init.o
 .debug_macro   0x00000000      0x1ad src/ASF/mega/boards/mega_1284p_xplained/init.o
 .debug_macro   0x00000000      0x293 src/ASF/mega/boards/mega_1284p_xplained/init.o
 .debug_macro   0x00000000       0x9e src/ASF/mega/boards/mega_1284p_xplained/init.o
 .debug_macro   0x00000000     0x1a23 src/ASF/mega/boards/mega_1284p_xplained/init.o
 .debug_macro   0x00000000      0x171 src/ASF/mega/boards/mega_1284p_xplained/init.o
 .debug_macro   0x00000000       0xcb src/ASF/mega/boards/mega_1284p_xplained/init.o
 .debug_macro   0x00000000       0x34 src/ASF/mega/boards/mega_1284p_xplained/init.o
 .debug_macro   0x00000000       0x18 src/ASF/mega/boards/mega_1284p_xplained/init.o
 .debug_macro   0x00000000       0x6c src/ASF/mega/boards/mega_1284p_xplained/init.o
 .debug_macro   0x00000000       0x22 src/ASF/mega/boards/mega_1284p_xplained/init.o
 .debug_macro   0x00000000      0x166 src/ASF/mega/boards/mega_1284p_xplained/init.o
 .debug_macro   0x00000000       0x1c src/ASF/mega/boards/mega_1284p_xplained/init.o
 .debug_macro   0x00000000       0x35 src/ASF/mega/boards/mega_1284p_xplained/init.o
 .debug_macro   0x00000000       0x66 src/ASF/mega/boards/mega_1284p_xplained/init.o
 .debug_macro   0x00000000      0x5bf src/ASF/mega/boards/mega_1284p_xplained/init.o
 .debug_macro   0x00000000       0x44 src/ASF/mega/boards/mega_1284p_xplained/init.o
 .debug_macro   0x00000000       0x69 src/ASF/mega/boards/mega_1284p_xplained/init.o
 .debug_macro   0x00000000       0x2c src/ASF/mega/boards/mega_1284p_xplained/init.o
 .debug_macro   0x00000000       0x10 src/ASF/mega/boards/mega_1284p_xplained/init.o
 .debug_macro   0x00000000      0x175 src/ASF/mega/boards/mega_1284p_xplained/init.o
 .debug_macro   0x00000000       0x40 src/ASF/mega/boards/mega_1284p_xplained/init.o
 .debug_macro   0x00000000      0x100 src/ASF/mega/boards/mega_1284p_xplained/init.o
 .group         0x00000000        0x8 src/main.o
 .group         0x00000000        0x8 src/main.o
 .group         0x00000000        0x8 src/main.o
 .group         0x00000000        0x8 src/main.o
 .group         0x00000000        0x8 src/main.o
 .group         0x00000000        0x8 src/main.o
 .group         0x00000000        0x8 src/main.o
 .group         0x00000000        0x8 src/main.o
 .group         0x00000000        0x8 src/main.o
 .group         0x00000000        0x8 src/main.o
 .group         0x00000000        0x8 src/main.o
 .group         0x00000000        0x8 src/main.o
 .group         0x00000000        0x8 src/main.o
 .group         0x00000000        0x8 src/main.o
 .group         0x00000000        0x8 src/main.o
 .group         0x00000000        0x8 src/main.o
 .group         0x00000000        0x8 src/main.o
 .group         0x00000000        0x8 src/main.o
 .group         0x00000000        0x8 src/main.o
 .group         0x00000000        0x8 src/main.o
 .group         0x00000000        0x8 src/main.o
 .group         0x00000000        0x8 src/main.o
 .group         0x00000000        0x8 src/main.o
 .group         0x00000000        0x8 src/main.o
 .group         0x00000000        0x8 src/main.o
 .group         0x00000000        0x8 src/main.o
 .group         0x00000000        0x8 src/main.o
 .group         0x00000000        0x8 src/main.o
 .group         0x00000000        0x8 src/main.o
 .group         0x00000000        0x8 src/main.o
 .group         0x00000000        0x8 src/main.o
 .group         0x00000000        0x8 src/main.o
 .group         0x00000000        0x8 src/main.o
 .group         0x00000000        0x8 src/main.o
 .group         0x00000000        0x8 src/main.o
 .text          0x00000000        0x0 src/main.o
 .data          0x00000000        0x0 src/main.o
 .bss           0x00000000        0x0 src/main.o
 .debug_macro   0x00000000      0xa48 src/main.o
 .debug_macro   0x00000000       0x10 src/main.o
 .debug_macro   0x00000000      0x1ad src/main.o
 .debug_macro   0x00000000      0x293 src/main.o
 .debug_macro   0x00000000       0x9e src/main.o
 .debug_macro   0x00000000     0x1a23 src/main.o
 .debug_macro   0x00000000      0x171 src/main.o
 .debug_macro   0x00000000       0xcb src/main.o
 .debug_macro   0x00000000       0x34 src/main.o
 .debug_macro   0x00000000       0x18 src/main.o
 .debug_macro   0x00000000       0x6c src/main.o
 .debug_macro   0x00000000       0x22 src/main.o
 .debug_macro   0x00000000      0x166 src/main.o
 .debug_macro   0x00000000       0x1c src/main.o
 .debug_macro   0x00000000       0x35 src/main.o
 .debug_macro   0x00000000       0x66 src/main.o
 .debug_macro   0x00000000      0x5bf src/main.o
 .debug_macro   0x00000000       0x44 src/main.o
 .debug_macro   0x00000000       0x69 src/main.o
 .debug_macro   0x00000000       0x2c src/main.o
 .debug_macro   0x00000000       0x10 src/main.o
 .debug_macro   0x00000000      0x175 src/main.o
 .debug_macro   0x00000000       0x40 src/main.o
 .debug_macro   0x00000000      0x100 src/main.o
 .debug_macro   0x00000000       0x3a src/main.o
 .debug_macro   0x00000000      0x26b src/main.o
 .debug_macro   0x00000000       0xaa src/main.o
 .text          0x00000000        0x0 c:/program files (x86)/atmel/atmel toolchain/avr8 gcc/native/3.4.1061/avr8-gnu-toolchain/bin/../lib/gcc/avr/4.8.1/avr51\libgcc.a(_exit.o)
 .data          0x00000000        0x0 c:/program files (x86)/atmel/atmel toolchain/avr8 gcc/native/3.4.1061/avr8-gnu-toolchain/bin/../lib/gcc/avr/4.8.1/avr51\libgcc.a(_exit.o)
 .bss           0x00000000        0x0 c:/program files (x86)/atmel/atmel toolchain/avr8 gcc/native/3.4.1061/avr8-gnu-toolchain/bin/../lib/gcc/avr/4.8.1/avr51\libgcc.a(_exit.o)
 .text.libgcc.mul
                0x00000000        0x0 c:/program files (x86)/atmel/atmel toolchain/avr8 gcc/native/3.4.1061/avr8-gnu-toolchain/bin/../lib/gcc/avr/4.8.1/avr51\libgcc.a(_exit.o)
 .text.libgcc.div
                0x00000000        0x0 c:/program files (x86)/atmel/atmel toolchain/avr8 gcc/native/3.4.1061/avr8-gnu-toolchain/bin/../lib/gcc/avr/4.8.1/avr51\libgcc.a(_exit.o)
 .text.libgcc   0x00000000        0x0 c:/program files (x86)/atmel/atmel toolchain/avr8 gcc/native/3.4.1061/avr8-gnu-toolchain/bin/../lib/gcc/avr/4.8.1/avr51\libgcc.a(_exit.o)
 .text.libgcc.prologue
                0x00000000        0x0 c:/program files (x86)/atmel/atmel toolchain/avr8 gcc/native/3.4.1061/avr8-gnu-toolchain/bin/../lib/gcc/avr/4.8.1/avr51\libgcc.a(_exit.o)
 .text.libgcc.builtins
                0x00000000        0x0 c:/program files (x86)/atmel/atmel toolchain/avr8 gcc/native/3.4.1061/avr8-gnu-toolchain/bin/../lib/gcc/avr/4.8.1/avr51\libgcc.a(_exit.o)
 .text.libgcc.fmul
                0x00000000        0x0 c:/program files (x86)/atmel/atmel toolchain/avr8 gcc/native/3.4.1061/avr8-gnu-toolchain/bin/../lib/gcc/avr/4.8.1/avr51\libgcc.a(_exit.o)
 .text.libgcc.fixed
                0x00000000        0x0 c:/program files (x86)/atmel/atmel toolchain/avr8 gcc/native/3.4.1061/avr8-gnu-toolchain/bin/../lib/gcc/avr/4.8.1/avr51\libgcc.a(_exit.o)

Memory Configuration

Name             Origin             Length             Attributes
text             0x00000000         0x00020000         xr
data             0x00800100         0x0000ff00         rw !x
eeprom           0x00810000         0x00010000         rw !x
fuse             0x00820000         0x00000400         rw !x
lock             0x00830000         0x00000400         rw !x
signature        0x00840000         0x00000400         rw !x
user_signatures  0x00850000         0x00000400         rw !x
*default*        0x00000000         0xffffffff

Linker script and memory map

Address of section .data set to 0x800100
LOAD c:/program files (x86)/atmel/atmel toolchain/avr8 gcc/native/3.4.1061/avr8-gnu-toolchain/bin/../lib/gcc/avr/4.8.1/../../../../avr/lib/avr51/crtm1284p.o
LOAD src/ASF/common/services/clock/mega/sysclk.o
LOAD src/ASF/mega/boards/mega_1284p_xplained/init.o
LOAD src/main.o
START GROUP
LOAD c:/program files (x86)/atmel/atmel toolchain/avr8 gcc/native/3.4.1061/avr8-gnu-toolchain/bin/../lib/gcc/avr/4.8.1/../../../../avr/lib/avr51\libm.a
END GROUP
START GROUP
LOAD c:/program files (x86)/atmel/atmel toolchain/avr8 gcc/native/3.4.1061/avr8-gnu-toolchain/bin/../lib/gcc/avr/4.8.1/avr51\libgcc.a
LOAD c:/program files (x86)/atmel/atmel toolchain/avr8 gcc/native/3.4.1061/avr8-gnu-toolchain/bin/../lib/gcc/avr/4.8.1/../../../../avr/lib/avr51\libm.a
LOAD c:/program files (x86)/atmel/atmel toolchain/avr8 gcc/native/3.4.1061/avr8-gnu-toolchain/bin/../lib/gcc/avr/4.8.1/../../../../avr/lib/avr51\libc.a
END GROUP

.hash
 *(.hash)

.dynsym
 *(.dynsym)

.dynstr
 *(.dynstr)

.gnu.version
 *(.gnu.version)

.gnu.version_d
 *(.gnu.version_d)

.gnu.version_r
 *(.gnu.version_r)

.rel.init
 *(.rel.init)

.rela.init
 *(.rela.init)

.rel.text
 *(.rel.text)
 *(.rel.text.*)
 *(.rel.gnu.linkonce.t*)

.rela.text
 *(.rela.text)
 *(.rela.text.*)
 *(.rela.gnu.linkonce.t*)

.rel.fini
 *(.rel.fini)

.rela.fini
 *(.rela.fini)

.rel.rodata
 *(.rel.rodata)
 *(.rel.rodata.*)
 *(.rel.gnu.linkonce.r*)

.rela.rodata
 *(.rela.rodata)
 *(.rela.rodata.*)
 *(.rela.gnu.linkonce.r*)

.rel.data
 *(.rel.data)
 *(.rel.data.*)
 *(.rel.gnu.linkonce.d*)

.rela.data
 *(.rela.data)
 *(.rela.data.*)
 *(.rela.gnu.linkonce.d*)

.rel.ctors
 *(.rel.ctors)

.rela.ctors
 *(.rela.ctors)

.rel.dtors
 *(.rel.dtors)

.rela.dtors
 *(.rela.dtors)

.rel.got
 *(.rel.got)

.rela.got
 *(.rela.got)

.rel.bss
 *(.rel.bss)

.rela.bss
 *(.rela.bss)

.rel.plt
 *(.rel.plt)

.rela.plt
 *(.rela.plt)

.text           0x00000000      0x102
 *(.vectors)
 .vectors       0x00000000       0x8c c:/program files (x86)/atmel/atmel toolchain/avr8 gcc/native/3.4.1061/avr8-gnu-toolchain/bin/../lib/gcc/avr/4.8.1/../../../../avr/lib/avr51/crtm1284p.o
                0x00000000                __vector_default
                0x00000000                __vectors
 *(.vectors)
 *(.progmem.gcc*)
                0x0000008c                . = ALIGN (0x2)
                0x0000008c                __trampolines_start = .
 *(.trampolines)
 .trampolines   0x0000008c        0x0 linker stubs
 *(.trampolines*)
                0x0000008c                __trampolines_end = .
 *(.progmem*)
                0x0000008c                . = ALIGN (0x2)
 *(.jumptables)
 *(.jumptables*)
 *(.lowtext)
 *(.lowtext*)
                0x0000008c                __ctors_start = .
 *(.ctors)
                0x0000008c                __ctors_end = .
                0x0000008c                __dtors_start = .
 *(.dtors)
                0x0000008c                __dtors_end = .
 SORT(*)(.ctors)
 SORT(*)(.dtors)
 *(.init0)
 .init0         0x0000008c        0x0 c:/program files (x86)/atmel/atmel toolchain/avr8 gcc/native/3.4.1061/avr8-gnu-toolchain/bin/../lib/gcc/avr/4.8.1/../../../../avr/lib/avr51/crtm1284p.o
                0x0000008c                __init
 *(.init0)
 *(.init1)
 *(.init1)
 *(.init2)
 .init2         0x0000008c        0xc c:/program files (x86)/atmel/atmel toolchain/avr8 gcc/native/3.4.1061/avr8-gnu-toolchain/bin/../lib/gcc/avr/4.8.1/../../../../avr/lib/avr51/crtm1284p.o
 *(.init2)
 *(.init3)
 *(.init3)
 *(.init4)
 *(.init4)
 *(.init5)
 *(.init5)
 *(.init6)
 *(.init6)
 *(.init7)
 *(.init7)
 *(.init8)
 *(.init8)
 *(.init9)
 .init9         0x00000098        0x4 c:/program files (x86)/atmel/atmel toolchain/avr8 gcc/native/3.4.1061/avr8-gnu-toolchain/bin/../lib/gcc/avr/4.8.1/../../../../avr/lib/avr51/crtm1284p.o
 *(.init9)
 *(.text)
 .text          0x0000009c        0x2 c:/program files (x86)/atmel/atmel toolchain/avr8 gcc/native/3.4.1061/avr8-gnu-toolchain/bin/../lib/gcc/avr/4.8.1/../../../../avr/lib/avr51/crtm1284p.o
                0x0000009c                __vector_22
                0x0000009c                __vector_28
                0x0000009c                __vector_1
                0x0000009c                __vector_32
                0x0000009c                __vector_34
                0x0000009c                __vector_24
                0x0000009c                __vector_12
                0x0000009c                __bad_interrupt
                0x0000009c                __vector_6
                0x0000009c                __vector_31
                0x0000009c                __vector_3
                0x0000009c                __vector_23
                0x0000009c                __vector_30
                0x0000009c                __vector_25
                0x0000009c                __vector_11
                0x0000009c                __vector_13
                0x0000009c                __vector_17
                0x0000009c                __vector_19
                0x0000009c                __vector_7
                0x0000009c                __vector_27
                0x0000009c                __vector_5
                0x0000009c                __vector_33
                0x0000009c                __vector_4
                0x0000009c                __vector_9
                0x0000009c                __vector_2
                0x0000009c                __vector_21
                0x0000009c                __vector_15
                0x0000009c                __vector_29
                0x0000009c                __vector_8
                0x0000009c                __vector_26
                0x0000009c                __vector_14
                0x0000009c                __vector_10
                0x0000009c                __vector_16
                0x0000009c                __vector_18
                0x0000009c                __vector_20
                0x0000009e                . = ALIGN (0x2)
 *(.text.*)
 .text.sysclk_init
                0x0000009e       0x2a src/ASF/common/services/clock/mega/sysclk.o
                0x0000009e                sysclk_init
 .text.board_init
                0x000000c8        0x2 src/ASF/mega/boards/mega_1284p_xplained/init.o
                0x000000c8                board_init
 .text.main     0x000000ca       0x34 src/main.o
                0x000000ca                main
                0x000000fe                . = ALIGN (0x2)
 *(.fini9)
 .fini9         0x000000fe        0x0 c:/program files (x86)/atmel/atmel toolchain/avr8 gcc/native/3.4.1061/avr8-gnu-toolchain/bin/../lib/gcc/avr/4.8.1/avr51\libgcc.a(_exit.o)
                0x000000fe                _exit
                0x000000fe                exit
 *(.fini9)
 *(.fini8)
 *(.fini8)
 *(.fini7)
 *(.fini7)
 *(.fini6)
 *(.fini6)
 *(.fini5)
 *(.fini5)
 *(.fini4)
 *(.fini4)
 *(.fini3)
 *(.fini3)
 *(.fini2)
 *(.fini2)
 *(.fini1)
 *(.fini1)
 *(.fini0)
 .fini0         0x000000fe        0x4 c:/program files (x86)/atmel/atmel toolchain/avr8 gcc/native/3.4.1061/avr8-gnu-toolchain/bin/../lib/gcc/avr/4.8.1/avr51\libgcc.a(_exit.o)
 *(.fini0)
                0x00000102                _etext = .

.data           0x00800100        0x0 load address 0x00000102
                0x00800100                PROVIDE (__data_start, .)
 *(.data)
 *(.data*)
 *(.rodata)
 *(.rodata*)
 *(.gnu.linkonce.d*)
                0x00800100                . = ALIGN (0x2)
                0x00800100                _edata = .
                0x00800100                PROVIDE (__data_end, .)

.bss            0x00800100        0x0
                0x00800100                PROVIDE (__bss_start, .)
 *(.bss)
 *(.bss*)
 *(COMMON)
                0x00800100                PROVIDE (__bss_end, .)
                0x00000102                __data_load_start = LOADADDR (.data)
                0x00000102                __data_load_end = (__data_load_start + SIZEOF (.data))

.noinit         0x00800100        0x0
                0x00800100                PROVIDE (__noinit_start, .)
 *(.noinit*)
                0x00800100                PROVIDE (__noinit_end, .)
                0x00800100                _end = .
                0x00800100                PROVIDE (__heap_start, .)

.eeprom         0x00810000        0x0
 *(.eeprom*)
                0x00810000                __eeprom_end = .

.fuse
 *(.fuse)
 *(.lfuse)
 *(.hfuse)
 *(.efuse)

.lock
 *(.lock*)

.signature
 *(.signature*)

.user_signatures
 *(.user_signatures*)

.stab
 *(.stab)

.stabstr
 *(.stabstr)

.stab.excl
 *(.stab.excl)

.stab.exclstr
 *(.stab.exclstr)

.stab.index
 *(.stab.index)

.stab.indexstr
 *(.stab.indexstr)

.comment        0x00000000       0x30
 *(.comment)
 .comment       0x00000000       0x30 src/ASF/common/services/clock/mega/sysclk.o
                                 0x31 (size before relaxing)
 .comment       0x00000000       0x31 src/ASF/mega/boards/mega_1284p_xplained/init.o
 .comment       0x00000000       0x31 src/main.o

.note.gnu.build-id
 *(.note.gnu.build-id)

.debug
 *(.debug)

.line
 *(.line)

.debug_srcinfo
 *(.debug_srcinfo)

.debug_sfnames
 *(.debug_sfnames)

.debug_aranges  0x00000000       0x70
 *(.debug_aranges)
 .debug_aranges
                0x00000000       0x30 src/ASF/common/services/clock/mega/sysclk.o
 .debug_aranges
                0x00000030       0x20 src/ASF/mega/boards/mega_1284p_xplained/init.o
 .debug_aranges
                0x00000050       0x20 src/main.o

.debug_pubnames
 *(.debug_pubnames)

.debug_info     0x00000000      0x800
 *(.debug_info .gnu.linkonce.wi.*)
 .debug_info    0x00000000      0x2ab src/ASF/common/services/clock/mega/sysclk.o
 .debug_info    0x000002ab       0x7c src/ASF/mega/boards/mega_1284p_xplained/init.o
 .debug_info    0x00000327      0x4d9 src/main.o

.debug_abbrev   0x00000000      0x3df
 *(.debug_abbrev)
 .debug_abbrev  0x00000000      0x1b0 src/ASF/common/services/clock/mega/sysclk.o
 .debug_abbrev  0x000001b0       0x47 src/ASF/mega/boards/mega_1284p_xplained/init.o
 .debug_abbrev  0x000001f7      0x1e8 src/main.o

.debug_line     0x00000000      0xcdd
 *(.debug_line .debug_line.* .debug_line_end)
 .debug_line    0x00000000      0x426 src/ASF/common/services/clock/mega/sysclk.o
 .debug_line    0x00000426      0x342 src/ASF/mega/boards/mega_1284p_xplained/init.o
 .debug_line    0x00000768      0x575 src/main.o

.debug_frame    0x00000000       0x8c
 *(.debug_frame)
 .debug_frame   0x00000000       0x44 src/ASF/common/services/clock/mega/sysclk.o
 .debug_frame   0x00000044       0x24 src/ASF/mega/boards/mega_1284p_xplained/init.o
 .debug_frame   0x00000068       0x24 src/main.o

.debug_str      0x00000000    0x1181c
 *(.debug_str)
 .debug_str     0x00000000    0x10c43 src/ASF/common/services/clock/mega/sysclk.o
                              0x10e13 (size before relaxing)
 .debug_str     0x00010c43       0x4b src/ASF/mega/boards/mega_1284p_xplained/init.o
                              0x10a80 (size before relaxing)
 .debug_str     0x00010c8e      0xb8e src/main.o
                              0x1194d (size before relaxing)

.debug_loc      0x00000000      0x16b
 *(.debug_loc)
 .debug_loc     0x00000000      0x11a src/ASF/common/services/clock/mega/sysclk.o
 .debug_loc     0x0000011a       0x51 src/main.o

.debug_macinfo
 *(.debug_macinfo)

.debug_weaknames
 *(.debug_weaknames)

.debug_funcnames
 *(.debug_funcnames)

.debug_typenames
 *(.debug_typenames)

.debug_varnames
 *(.debug_varnames)

.debug_pubtypes
 *(.debug_pubtypes)

.debug_ranges   0x00000000       0x70
 *(.debug_ranges)
 .debug_ranges  0x00000000       0x20 src/ASF/common/services/clock/mega/sysclk.o
 .debug_ranges  0x00000020       0x10 src/ASF/mega/boards/mega_1284p_xplained/init.o
 .debug_ranges  0x00000030       0x40 src/main.o

.debug_macro    0x00000000     0x434d
 *(.debug_macro)
 .debug_macro   0x00000000      0x146 src/ASF/common/services/clock/mega/sysclk.o
 .debug_macro   0x00000146      0xa48 src/ASF/common/services/clock/mega/sysclk.o
 .debug_macro   0x00000b8e       0x10 src/ASF/common/services/clock/mega/sysclk.o
 .debug_macro   0x00000b9e      0x1ad src/ASF/common/services/clock/mega/sysclk.o
 .debug_macro   0x00000d4b      0x293 src/ASF/common/services/clock/mega/sysclk.o
 .debug_macro   0x00000fde       0x9e src/ASF/common/services/clock/mega/sysclk.o
 .debug_macro   0x0000107c     0x1a23 src/ASF/common/services/clock/mega/sysclk.o
 .debug_macro   0x00002a9f      0x171 src/ASF/common/services/clock/mega/sysclk.o
 .debug_macro   0x00002c10       0xcb src/ASF/common/services/clock/mega/sysclk.o
 .debug_macro   0x00002cdb       0x34 src/ASF/common/services/clock/mega/sysclk.o
 .debug_macro   0x00002d0f       0x18 src/ASF/common/services/clock/mega/sysclk.o
 .debug_macro   0x00002d27       0x6c src/ASF/common/services/clock/mega/sysclk.o
 .debug_macro   0x00002d93       0x22 src/ASF/common/services/clock/mega/sysclk.o
 .debug_macro   0x00002db5      0x166 src/ASF/common/services/clock/mega/sysclk.o
 .debug_macro   0x00002f1b       0x1c src/ASF/common/services/clock/mega/sysclk.o
 .debug_macro   0x00002f37       0x35 src/ASF/common/services/clock/mega/sysclk.o
 .debug_macro   0x00002f6c       0x66 src/ASF/common/services/clock/mega/sysclk.o
 .debug_macro   0x00002fd2      0x5bf src/ASF/common/services/clock/mega/sysclk.o
 .debug_macro   0x00003591       0x44 src/ASF/common/services/clock/mega/sysclk.o
 .debug_macro   0x000035d5       0x69 src/ASF/common/services/clock/mega/sysclk.o
 .debug_macro   0x0000363e       0x2c src/ASF/common/services/clock/mega/sysclk.o
 .debug_macro   0x0000366a       0x10 src/ASF/common/services/clock/mega/sysclk.o
 .debug_macro   0x0000367a      0x175 src/ASF/common/services/clock/mega/sysclk.o
 .debug_macro   0x000037ef       0x40 src/ASF/common/services/clock/mega/sysclk.o
 .debug_macro   0x0000382f      0x100 src/ASF/common/services/clock/mega/sysclk.o
 .debug_macro   0x0000392f       0x3a src/ASF/common/services/clock/mega/sysclk.o
 .debug_macro   0x00003969      0x26b src/ASF/common/services/clock/mega/sysclk.o
 .debug_macro   0x00003bd4       0xaa src/ASF/common/services/clock/mega/sysclk.o
 .debug_macro   0x00003c7e      0x134 src/ASF/mega/boards/mega_1284p_xplained/init.o
 .debug_macro   0x00003db2      0x265 src/ASF/mega/boards/mega_1284p_xplained/init.o
 .debug_macro   0x00004017      0x1e5 src/main.o
 .debug_macro   0x000041fc       0x1c src/main.o
 .debug_macro   0x00004218       0x10 src/main.o
 .debug_macro   0x00004228       0x28 src/main.o
 .debug_macro   0x00004250       0x28 src/main.o
 .debug_macro   0x00004278       0x23 src/main.o
 .debug_macro   0x0000429b       0x5c src/main.o
 .debug_macro   0x000042f7       0x40 src/main.o
 .debug_macro   0x00004337       0x16 src/main.o
OUTPUT(GettingStarterASF.elf elf32-avr)
LOAD linker stubs
